
		SQPR router admin console
	Here you can configure your routing rules
------------------------------------------------
	You can find documentation here 
https://github.com/pg-sharding/spqr/tree/master/docs

SHOW key_ranges;
 Key range ID | Shard ID |             Lower bound              |             Upper bound              
--------------+----------+--------------------------------------+--------------------------------------
 krid5        | sh2      | 80000000-0000-0000-0000-000000000001 | FFFFFFFF-FFFF-FFFF-FFFF-FFFFFFFFFFFF
 krid4        | sh1      | 00000000-0000-0000-0000-000000000000 | 80000000-0000-0000-0000-000000000000
 krid3        | sh2      | 21                                   | 30
 krid2        | sh1      | 11                                   | 20
 krid1        | sh1      | 1                                    | 10
(5 rows)

