
		SQPR router admin console
	Here you can configure your routing rules
------------------------------------------------
	You can find documentation here 
https://github.com/pg-sharding/spqr/tree/master/docs

SHOW sharding_rules;
 Sharding Rule ID | Table Name | Columns  | Hash Function 
------------------+------------+----------+---------------
 r1               | *          | w_id     | x->x
 r2               | *          | id       | x->x
 r3               | *          | bid      | x->x
 t1               | orders     | iid      | x->x
 t2               | delivery   | order_id | x->x
(5 rows)

